Token {
    token_type: Ong,
    lexeme: "ong",
    line: 1,
}
Token {
    token_type: LeftParen,
    lexeme: "(",
    line: 1,
}
Token {
    token_type: Identifier,
    lexeme: "x",
    line: 1,
}
Token {
    token_type: GreaterThanEqual,
    lexeme: ">=",
    line: 1,
}
Token {
    token_type: Num,
    lexeme: "1",
    line: 1,
}
Token {
    token_type: Identifier,
    lexeme: "y",
    line: 1,
}
Token {
    token_type: LessThan,
    lexeme: "<",
    line: 1,
}
Token {
    token_type: Num,
    lexeme: "10",
    line: 1,
}
Token {
    token_type: RightParen,
    lexeme: ")",
    line: 1,
}
Token {
    token_type: LeftBrace,
    lexeme: "{",
    line: 1,
}
Token {
    token_type: Spittin,
    lexeme: "spittin",
    line: 2,
}
Token {
    token_type: String,
    lexeme: "combo check",
    line: 2,
}
Token {
    token_type: RightBrace,
    lexeme: "}",
    line: 3,
}
Token {
    token_type: Eof,
    lexeme: "",
    line: 3,
}