Token {
    token_type: Hold,
    lexeme: "hold",
    literal: None,
    line: 1,
}
Token {
    token_type: Identifier,
    lexeme: "x",
    literal: None,
    line: 1,
}
Token {
    token_type: Equal,
    lexeme: "=",
    literal: None,
    line: 1,
}
Token {
    token_type: Num,
    lexeme: "1",
    literal: Some(
        Number(
            1.0,
        ),
    ),
    line: 1,
}
Token {
    token_type: Eof,
    lexeme: "",
    literal: None,
    line: 1,
}
